D:\HJWsBlog\src\main\java\com\hjwsblog\hjwsblog\controller\admin\LinkController.java
D:\HJWsBlog\src\main\java\com\hjwsblog\hjwsblog\service\impl\CommentServiceImpl.java
D:\HJWsBlog\src\main\java\com\hjwsblog\hjwsblog\entity\BlogTag.java
D:\HJWsBlog\src\main\java\com\hjwsblog\hjwsblog\Dao\BlogConfigDao.java
D:\HJWsBlog\src\main\java\com\hjwsblog\hjwsblog\entity\BlogConfig.java
D:\HJWsBlog\src\main\java\com\hjwsblog\hjwsblog\Dao\BlogLinkDao.java
D:\HJWsBlog\src\main\java\com\hjwsblog\hjwsblog\Dao\BlogCategoryDao.java
D:\HJWsBlog\src\main\java\com\hjwsblog\hjwsblog\controller\TestControllers\JdbcController.java
D:\HJWsBlog\src\main\java\com\hjwsblog\hjwsblog\service\impl\CategoryServiceImpl.java
D:\HJWsBlog\src\main\java\com\hjwsblog\hjwsblog\util\MyBlogUtils.java
D:\HJWsBlog\src\main\java\com\hjwsblog\hjwsblog\util\MarkDownUtil.java
D:\HJWsBlog\src\main\java\com\hjwsblog\hjwsblog\config\Constants.java
D:\HJWsBlog\src\main\java\com\hjwsblog\hjwsblog\service\impl\MailServiceImpl.java
D:\HJWsBlog\src\main\java\com\hjwsblog\hjwsblog\controller\admin\BlogController.java
D:\HJWsBlog\src\main\java\com\hjwsblog\hjwsblog\controller\vo\SimpleBlogListVO.java
D:\HJWsBlog\src\main\java\com\hjwsblog\hjwsblog\util\ResultGenerator.java
D:\HJWsBlog\src\main\java\com\hjwsblog\hjwsblog\service\impl\AdminUserServiceImpl.java
D:\HJWsBlog\src\main\java\com\hjwsblog\hjwsblog\Dao\BlogTagRelationDao.java
D:\HJWsBlog\src\main\java\com\hjwsblog\hjwsblog\service\LinkService.java
D:\HJWsBlog\src\main\java\com\hjwsblog\hjwsblog\service\AdminUserService.java
D:\HJWsBlog\src\main\java\com\hjwsblog\hjwsblog\controller\admin\AdminController.java
D:\HJWsBlog\src\main\java\com\hjwsblog\hjwsblog\MQ\MailConsumer.java
D:\HJWsBlog\src\main\java\com\hjwsblog\hjwsblog\HjwsblogApplication.java
D:\HJWsBlog\src\main\java\com\hjwsblog\hjwsblog\service\impl\TagServiceImpl.java
D:\HJWsBlog\src\main\java\com\hjwsblog\hjwsblog\service\ConfigService.java
D:\HJWsBlog\src\main\java\com\hjwsblog\hjwsblog\service\BlogService.java
D:\HJWsBlog\src\main\java\com\hjwsblog\hjwsblog\entity\BlogTagCount.java
D:\HJWsBlog\src\main\java\com\hjwsblog\hjwsblog\config\RedisConfig.java
D:\HJWsBlog\src\main\java\com\hjwsblog\hjwsblog\controller\blog\MyBlogController.java
D:\HJWsBlog\src\main\java\com\hjwsblog\hjwsblog\entity\BlogCategory.java
D:\HJWsBlog\src\main\java\com\hjwsblog\hjwsblog\service\impl\LinkServiceImpl.java
D:\HJWsBlog\src\main\java\com\hjwsblog\hjwsblog\Dao\SubEmailsDao.java
D:\HJWsBlog\src\main\java\com\hjwsblog\hjwsblog\entity\BlogTagRelation.java
D:\HJWsBlog\src\main\java\com\hjwsblog\hjwsblog\entity\messageToSend.java
D:\HJWsBlog\src\main\java\com\hjwsblog\hjwsblog\util\PageQueryUtil.java
D:\HJWsBlog\src\main\java\com\hjwsblog\hjwsblog\controller\admin\CategoryController.java
D:\HJWsBlog\src\main\java\com\hjwsblog\hjwsblog\controller\vo\BlogDetailVO.java
D:\HJWsBlog\src\main\java\com\hjwsblog\hjwsblog\service\CategoryService.java
D:\HJWsBlog\src\main\java\com\hjwsblog\hjwsblog\config\HttpToHttpsConfig.java
D:\HJWsBlog\src\main\java\com\hjwsblog\hjwsblog\controller\vo\BlogListVO.java
D:\HJWsBlog\src\main\java\com\hjwsblog\hjwsblog\service\impl\ConfigServiceImpl.java
D:\HJWsBlog\src\main\java\com\hjwsblog\hjwsblog\controller\admin\ConfigurationController.java
D:\HJWsBlog\src\main\java\com\hjwsblog\hjwsblog\controller\admin\TagController.java
D:\HJWsBlog\src\main\java\com\hjwsblog\hjwsblog\interceptor\AdminLoginInterceptor.java
D:\HJWsBlog\src\main\java\com\hjwsblog\hjwsblog\Dao\BlogDao.java
D:\HJWsBlog\src\main\java\com\hjwsblog\hjwsblog\entity\SubEmails.java
D:\HJWsBlog\src\main\java\com\hjwsblog\hjwsblog\entity\User.java
D:\HJWsBlog\src\main\java\com\hjwsblog\hjwsblog\Dao\AdminUserDao.java
D:\HJWsBlog\src\main\java\com\hjwsblog\hjwsblog\entity\BlogLink.java
D:\HJWsBlog\src\main\java\com\hjwsblog\hjwsblog\redisInit\RedisInit.java
D:\HJWsBlog\src\main\java\com\hjwsblog\hjwsblog\controller\admin\CommentController.java
D:\HJWsBlog\src\main\java\com\hjwsblog\hjwsblog\Dao\BlogCommentDao.java
D:\HJWsBlog\src\main\java\com\hjwsblog\hjwsblog\entity\Blog.java
D:\HJWsBlog\src\main\java\com\hjwsblog\hjwsblog\entity\BlogComment.java
D:\HJWsBlog\src\main\java\com\hjwsblog\hjwsblog\controller\common\KaptchaConfig.java
D:\HJWsBlog\src\main\java\com\hjwsblog\hjwsblog\entity\AdminUser.java
D:\HJWsBlog\src\main\java\com\hjwsblog\hjwsblog\controller\common\CommonController.java
D:\HJWsBlog\src\main\java\com\hjwsblog\hjwsblog\controller\TestControllers\HelloController.java
D:\HJWsBlog\src\main\java\com\hjwsblog\hjwsblog\service\CommentService.java
D:\HJWsBlog\src\main\java\com\hjwsblog\hjwsblog\util\PageResult.java
D:\HJWsBlog\src\main\java\com\hjwsblog\hjwsblog\config\MyBlogWebMvcConfigurer.java
D:\HJWsBlog\src\main\java\com\hjwsblog\hjwsblog\controller\TestControllers\MyBatisController.java
D:\HJWsBlog\src\main\java\com\hjwsblog\hjwsblog\Dao\BlogTagDao.java
D:\HJWsBlog\src\main\java\com\hjwsblog\hjwsblog\Dao\UserDao.java
D:\HJWsBlog\src\main\java\com\hjwsblog\hjwsblog\controller\TestControllers\TestController.java
D:\HJWsBlog\src\main\java\com\hjwsblog\hjwsblog\util\PatternUtil.java
D:\HJWsBlog\src\main\java\com\hjwsblog\hjwsblog\service\MailService.java
D:\HJWsBlog\src\main\java\com\hjwsblog\hjwsblog\util\Result.java
D:\HJWsBlog\src\main\java\com\hjwsblog\hjwsblog\service\TagService.java
D:\HJWsBlog\src\main\java\com\hjwsblog\hjwsblog\service\impl\BlogServiceImpl.java
D:\HJWsBlog\src\main\java\com\hjwsblog\hjwsblog\controller\admin\UploadController.java
D:\HJWsBlog\src\main\java\com\hjwsblog\hjwsblog\controller\common\ErrorPageController.java
